(51680708854858323072, 83621143489848422977, 135301852344706746049, 218922995834555169026, 354224848179261915075)
