20 * 20 = 400 20 * 21 = :=) 20 * 22 = 440 
21 * 20 = :=) 21 * 21 = 441 21 * 22 = 462 
22 * 20 = 440 22 * 21 = 462 22 * 22 = 484 
