0_4
0_5
1_4
1_5
2_4
2_5
3_4
4_4
3_5
5_4
4_5
6_4
5_5
7_4
6_5
8_4
7_5
