0_7
0_11
1_7
2_7
1_11
3_7
2_11
4_7
5_7
3_11
6_7
4_11
