-0.9899924966004454
--<<ЖЖЖAAA>>--
0.3623577544766736
3 ... 6
