-0.9576594803233847
6
-0.14550003380861354
3 !? 6
