f=grange(2, 2, 12), g=grange(5, 5, 15625), h=grange(1, 10, 100000)
len(f)=3, len(g)=5, len(h)=5
len(list(f))=3, len(tuple(g))=5, len(list(h))=5
f[421]=10830740992659433045228180406808920716548582325686783496759685861775864483615725089999900023844295226942934417817982702456930304, h[244]=10000000000000000000000000000000000000000000000000000000000000000000000000000000000000000000000000000000000000000000000000000000000000000000000000000000000000000000000000000000000000000000000000000000000000000000000000000000000000000000000000000
a=grange(5, 2, 532525), a[2]=20
b=grange(1, 1000000000, 53252), b[2]=1000000000000000000, list(b)=[1]
[1] True
512000000
