grange(10, 10, 1000000000000000000000000000000)
(10, 100, 1000, 10000, 100000, 1000000, 10000000, 100000000, 1000000000, 10000000000, 100000000000, 1000000000000, 10000000000000, 100000000000000, 1000000000000000, 10000000000000000, 100000000000000000, 1000000000000000000, 10000000000000000000, 100000000000000000000, 1000000000000000000000, 10000000000000000000000, 100000000000000000000000, 1000000000000000000000000, 10000000000000000000000000, 100000000000000000000000000, 1000000000000000000000000000, 10000000000000000000000000000, 100000000000000000000000000000)
29
10 100000000000000000000000
[100, 1000] [100] []
grange(100, 10, 10000) grange(100, 10000000000000000000000000000000000000000000000000000000000000000000000000000000000000000000000000000, 10000) grange(10, 1, 2)
True False
2 1
