['GeberoPerando', 'MerkatoLehant']
o
toLehanto
['GeberoPer', 'andoMerka', 'toLehanto']
