[('Lacrimos', 'CumResurg'), ('aDiesIll', 'etCreatur')]
a  b
a
tura
