a: 42, b: 123, c: 10, d: 123, e: 123, f: 123, g: 123, h: 123, i: 123, j: 123, k: 123, m: 123, z: 2
a: 42, b: 123, c: 10, d: 123, e: 123, f: 123, g: 123, h: 123, i: 123, j: 123, k: 123, m: 123, z: 2
t11<t01=True
