r(True):0.5 s(True):0.5 t(True):0.5 o(True):0.5
s < t=False, o < t=False, r < t=False, r < s=False
s in t=False, o in t=False, r in t=False
r & t=False, t & r=False, s & r=False, o & t=False
