__init__: (), {'val': 10}
kiz: (9, 10), {'this': 890}
1812
kiz: (9,), {'another': 10, 'those': 932087482}
932087516
