__init__: (10, 17), {}
kiz: (9, 10), {'this': 890}
1826
kiz: (9, 10), {}
50
__init__: (89,), {}
kiz: (1, 2, 3, 4), {}
102
kiz: (), {'other': 1, 'another': 2, 'this': 3, 'those': False}
101
