Invalid input
Invalid input
Invalid input
Not a triangle
14.50
