Invalid input
Invalid input
Invalid input
Invalid input
Invalid input
Not a triangle
1.00
