0 4 9 2 3 8 8 5 9 8 5 1 4 5 0 0
0 0 0 1 2 3 4 4 5 5 5 8 8 8 9 9
True
